2026-09-09 16:36:24.072 INFO   Freerouting v2.4.1 (build-date: 2026-09-03)
2026-09-09 16:36:25.744 INFO   [D4F324\13B2C5] Loading board file 'routing.dsn'...
2026-09-09 16:36:25.790 INFO   [D4F324\13B2C5] Job 'D4F324\13B2C5' started at 2026-09-09T13:36:25.790074400Z.
2026-09-09 16:36:25.844 INFO   [D4F324\13B2C5] Auto-routing stage started on board 'fbc32b0e5704151cf4939484cdd7be43' for 39 unrouted items.
2026-09-09 16:36:32.141 INFO   [D4F324\13B2C5] Auto-routing pass #1 on board 'fbc32b0e5704151cf4939484cdd7be43' was completed in 6.26 seconds with score 841.02 (6 unrouted and 1 violation), using 1.89 CPU seconds and the job allocated 2.73 GB of memory so far.
2026-09-09 16:36:34.190 INFO   [D4F324\13B2C5] Auto-routing pass #2 on board 'c18bdacacc60a7d45d7e979f6e519158' was completed in 1.84 seconds with score 943.58 (2 unrouted and 1 violation), using 2.56 CPU seconds and the job allocated 4.45 GB of memory so far.
2026-09-09 16:36:35.161 INFO   [D4F324\13B2C5] Auto-routing pass #3 on board 'd9c826dfe406801ab65d4ea72383f774' was completed in 0.86 seconds with score 943.58 (2 unrouted and 1 violation), using 3.08 CPU seconds and the job allocated 5.56 GB of memory so far.
2026-09-09 16:36:36.275 INFO   [D4F324\13B2C5] Auto-routing pass #4 on board '137d1c2c0026ddfc9bbe31dc090fad3f' was completed in 1.06 seconds with score 969.22 (1 unrouted and 1 violation), using 3.53 CPU seconds and the job allocated 6.71 GB of memory so far.
2026-09-09 16:36:36.683 INFO   [D4F324\13B2C5] Auto-routing pass #5 on board '6466630f6f66bd414e8822e458bde636' was completed in 0.34 seconds with score 969.22 (1 unrouted and 1 violation), using 3.53 CPU seconds and the job allocated 6.71 GB of memory so far.
2026-09-09 16:36:37.142 INFO   [D4F324\13B2C5] Auto-routing pass #6 on board 'b5374339eeea7a3bb9e3c70b83a8757f' was completed in 0.40 seconds with score 969.22 (1 unrouted and 1 violation), using 4.19 CPU seconds and the job allocated 8.48 GB of memory so far.
2026-09-09 16:36:37.397 INFO   [D4F324\13B2C5] Auto-routing pass #7 on board '7c2f8167e1f649e17292d838b102477a' was completed in 0.22 seconds with score 969.22 (1 unrouted and 1 violation), using 4.19 CPU seconds and the job allocated 8.48 GB of memory so far.
2026-09-09 16:36:37.736 INFO   [D4F324\13B2C5] Auto-routing pass #8 on board 'f757c0761514430cd0a2e23255597645' was completed in 0.31 seconds with score 969.22 (1 unrouted and 1 violation), using 4.19 CPU seconds and the job allocated 8.48 GB of memory so far.
2026-09-09 16:36:37.956 INFO   [D4F324\13B2C5] Auto-routing pass #9 on board '2d7722c9a36e75820c9282568526fd5b' was completed in 0.17 seconds with score 969.22 (1 unrouted and 1 violation), using 4.19 CPU seconds and the job allocated 8.48 GB of memory so far.
2026-09-09 16:36:38.696 INFO   [D4F324\13B2C5] Auto-routing pass #10 on board '00bb88476ccaa961dfe23600def117ad' was completed in 0.70 seconds with score 969.22 (1 unrouted and 1 violation), using 4.95 CPU seconds and the job allocated 11.12 GB of memory so far.
2026-09-09 16:36:39.042 INFO   [D4F324\13B2C5] Auto-routing pass #11 on board '15266776a3eede628f672d256ff23e2b' was completed in 0.26 seconds with score 969.22 (1 unrouted and 1 violation), using 4.95 CPU seconds and the job allocated 11.12 GB of memory so far.
2026-09-09 16:36:39.501 INFO   [D4F324\13B2C5] Auto-routing pass #12 on board '9c1797830f3988af3a56903297c97a96' was completed in 0.41 seconds with score 969.22 (1 unrouted and 1 violation), using 5.25 CPU seconds and the job allocated 12.44 GB of memory so far.
2026-09-09 16:36:39.786 INFO   [D4F324\13B2C5] Auto-routing pass #13 on board 'bd17a987dfdae646a582d17801155fcd' was completed in 0.24 seconds with score 969.22 (1 unrouted and 1 violation), using 5.25 CPU seconds and the job allocated 12.44 GB of memory so far.
2026-09-09 16:36:40.187 INFO   [D4F324\13B2C5] Auto-routing pass #14 on board '1006291b6ab6b75b8167ca433ed9a8ca' was completed in 0.35 seconds with score 969.22 (1 unrouted and 1 violation), using 5.92 CPU seconds and the job allocated 14.48 GB of memory so far.
2026-09-09 16:36:40.931 INFO   [D4F324\13B2C5] Auto-routing pass #15 on board 'df23f648380ee93aad5e0a99e71bce7d' was completed in 0.67 seconds with score 969.22 (1 unrouted and 1 violation), using 5.92 CPU seconds and the job allocated 14.48 GB of memory so far.
2026-09-09 16:36:41.726 INFO   [D4F324\13B2C5] Auto-routing pass #16 on board '28dab151061febcfab97adbfacbf2215' was completed in 0.73 seconds with score 969.22 (1 unrouted and 1 violation), using 6.23 CPU seconds and the job allocated 15.50 GB of memory so far.
2026-09-09 16:36:42.070 INFO   [D4F324\13B2C5] Auto-routing pass #17 on board '156d344f4182ee70399f6504fdc499fb' was completed in 0.24 seconds with score 969.22 (1 unrouted and 1 violation), using 6.23 CPU seconds and the job allocated 15.50 GB of memory so far.
2026-09-09 16:36:42.490 INFO   [D4F324\13B2C5] Auto-routing pass #18 on board '38f88d4a0cfb83d802942e282e93151f' was completed in 0.38 seconds with score 969.22 (1 unrouted and 1 violation), using 6.77 CPU seconds and the job allocated 17.09 GB of memory so far.
2026-09-09 16:36:42.517 INFO   [D4F324\13B2C5] The router's score (969.22) has not improved by more than 0.5 points in the last 10 passes (1 item still unconnected). Stopping the auto-router.
The following connections could not be routed -- please review your design (e.g. check pad clearances, trace width rules, and available routing space):
  Net 'U_B1' (1 unrouted connection):
    - R2-p0  ->  C3-p0
2026-09-09 16:36:42.574 INFO   [D4F324\13B2C5] Auto-routing stage completed: started with 39 unrouted nets, completed in 16.72 seconds, final score: 969.22 (1 unrouted and 1 violation), using 6.77 total CPU seconds, 17.09 GB total allocated, and 470.0 MB peak heap usage.
2026-09-09 16:36:42.581 INFO   [D4F324\13B2C5] Job 'D4F324\13B2C5' finished with state: COMPLETED (elapsed: 16.79 seconds, finished at UTC: 2026-09-09T13:36:42.581193600Z).
2026-09-09 16:36:43.003 INFO   Saving output file 'C:\repos\batman-a\hardware\batman\reports\refinement\B\routing.ses' (SES)...
2026-09-09 16:36:43.023 INFO   Successfully saved output file 'C:\repos\batman-a\hardware\batman\reports\refinement\B\routing.ses' (12754 bytes).
