2026-09-09 21:20:46.055 INFO   Freerouting v2.4.1 (build-date: 2026-09-03)
2026-09-09 21:20:47.582 INFO   [B32682\827D03] Loading board file 'routing.dsn'...
2026-09-09 21:20:47.623 INFO   [B32682\827D03] Job 'B32682\827D03' started at 2026-09-09T18:20:47.623958800Z.
2026-09-09 21:20:47.664 INFO   [B32682\827D03] Auto-routing stage started on board '4f8e96e8dc64164e403678eca09db436' for 21 unrouted items.
2026-09-09 21:20:48.323 INFO   [B32682\827D03] Auto-routing pass #1 on board '4f8e96e8dc64164e403678eca09db436' was completed in 0.64 seconds with score 857.14 (3 unrouted and 0 violations).
2026-09-09 21:20:48.431 INFO   [B32682\827D03] Auto-routing pass #2 on board '9a32764c07a5a58c59a1ed642c2a74c7' was completed in 0.09 seconds with score 952.38 (1 unrouted and 0 violations).
2026-09-09 21:20:48.497 INFO   [B32682\827D03] Auto-routing pass #3 on board 'b93ee21cdf1afb2fdbfa7013ca05f170' was completed in 0.04 seconds with score 952.38 (1 unrouted and 0 violations).
2026-09-09 21:20:48.541 INFO   [B32682\827D03] Auto-routing pass #4 on board 'b93ee21cdf1afb2fdbfa7013ca05f170' was completed in 0.04 seconds with score 952.38 (1 unrouted and 0 violations).
2026-09-09 21:20:48.603 INFO   [B32682\827D03] Auto-routing pass #5 on board 'b93ee21cdf1afb2fdbfa7013ca05f170' was completed in 0.06 seconds with score 952.38 (1 unrouted and 0 violations).
2026-09-09 21:20:48.653 INFO   [B32682\827D03] Auto-routing pass #6 on board 'b93ee21cdf1afb2fdbfa7013ca05f170' was completed in 0.04 seconds with score 952.38 (1 unrouted and 0 violations), using 0.94 CPU seconds and the job allocated 1.90 GB of memory so far.
2026-09-09 21:20:48.693 INFO   [B32682\827D03] Auto-routing pass #7 on board 'b93ee21cdf1afb2fdbfa7013ca05f170' was completed in 0.03 seconds with score 952.38 (1 unrouted and 0 violations), using 0.94 CPU seconds and the job allocated 1.90 GB of memory so far.
2026-09-09 21:20:48.731 INFO   [B32682\827D03] Auto-routing pass #8 on board 'b93ee21cdf1afb2fdbfa7013ca05f170' was completed in 0.03 seconds with score 952.38 (1 unrouted and 0 violations), using 0.94 CPU seconds and the job allocated 1.90 GB of memory so far.
2026-09-09 21:20:48.766 INFO   [B32682\827D03] Auto-routing pass #9 on board 'b93ee21cdf1afb2fdbfa7013ca05f170' was completed in 0.03 seconds with score 952.38 (1 unrouted and 0 violations), using 0.94 CPU seconds and the job allocated 1.90 GB of memory so far.
2026-09-09 21:20:48.803 INFO   [B32682\827D03] Auto-routing pass #10 on board 'b93ee21cdf1afb2fdbfa7013ca05f170' was completed in 0.03 seconds with score 952.38 (1 unrouted and 0 violations), using 0.94 CPU seconds and the job allocated 1.90 GB of memory so far.
2026-09-09 21:20:48.836 INFO   [B32682\827D03] Auto-routing pass #11 on board 'b93ee21cdf1afb2fdbfa7013ca05f170' was completed in 0.03 seconds with score 952.38 (1 unrouted and 0 violations), using 0.94 CPU seconds and the job allocated 1.90 GB of memory so far.
2026-09-09 21:20:48.878 INFO   [B32682\827D03] Auto-routing pass #12 on board 'b93ee21cdf1afb2fdbfa7013ca05f170' was completed in 0.04 seconds with score 952.38 (1 unrouted and 0 violations), using 0.94 CPU seconds and the job allocated 1.90 GB of memory so far.
2026-09-09 21:20:48.917 INFO   [B32682\827D03] Auto-routing pass #13 on board 'b93ee21cdf1afb2fdbfa7013ca05f170' was completed in 0.04 seconds with score 952.38 (1 unrouted and 0 violations), using 0.94 CPU seconds and the job allocated 1.90 GB of memory so far.
2026-09-09 21:20:48.959 INFO   [B32682\827D03] Auto-routing pass #14 on board 'b93ee21cdf1afb2fdbfa7013ca05f170' was completed in 0.04 seconds with score 952.38 (1 unrouted and 0 violations), using 0.94 CPU seconds and the job allocated 1.90 GB of memory so far.
2026-09-09 21:20:49.011 INFO   [B32682\827D03] Auto-routing pass #15 on board 'b93ee21cdf1afb2fdbfa7013ca05f170' was completed in 0.05 seconds with score 952.38 (1 unrouted and 0 violations), using 0.94 CPU seconds and the job allocated 1.90 GB of memory so far.
2026-09-09 21:20:49.048 INFO   [B32682\827D03] Auto-routing pass #16 on board 'b93ee21cdf1afb2fdbfa7013ca05f170' was completed in 0.03 seconds with score 952.38 (1 unrouted and 0 violations), using 0.94 CPU seconds and the job allocated 1.90 GB of memory so far.
2026-09-09 21:20:49.085 INFO   [B32682\827D03] Auto-routing pass #17 on board 'b93ee21cdf1afb2fdbfa7013ca05f170' was completed in 0.03 seconds with score 952.38 (1 unrouted and 0 violations), using 0.94 CPU seconds and the job allocated 1.90 GB of memory so far.
2026-09-09 21:20:49.125 INFO   [B32682\827D03] Auto-routing pass #18 on board 'b93ee21cdf1afb2fdbfa7013ca05f170' was completed in 0.04 seconds with score 952.38 (1 unrouted and 0 violations), using 0.94 CPU seconds and the job allocated 1.90 GB of memory so far.
2026-09-09 21:20:49.130 INFO   [B32682\827D03] The router's score (952.38) has not improved by more than 0.5 points in the last 10 passes (1 item still unconnected). Stopping the auto-router.
The following connections could not be routed -- please review your design (e.g. check pad clearances, trace width rules, and available routing space):
  Net 'GND' (1 unrouted connection):
    - C13-p1  ->  X3-p1
2026-09-09 21:20:49.140 INFO   [B32682\827D03] Auto-routing stage completed: started with 21 unrouted nets, completed in 1.49 seconds, final score: 952.38 (1 unrouted and 0 violations), using 0.94 total CPU seconds, 1.90 GB total allocated, and 213.3 MB peak heap usage.
2026-09-09 21:20:49.144 INFO   [B32682\827D03] Optimization stage started on board 'b93ee21cdf1afb2fdbfa7013ca05f170' with score 952.38 (1 unrouted and 0 violations).
2026-09-09 21:20:49.289 INFO   [B32682\827D03] Optimizer pass #1 on board 'ef9ef88bda006f8e9c8f8522dff8a2c6' was completed in 0.13 seconds with the score of 952.38 (1 unrouted and 0 violations).
2026-09-09 21:20:49.292 INFO   [B32682\827D03] Stopping optimizer because the improvement in this pass (0.0000%) is below the threshold (1.00%).
2026-09-09 21:20:49.296 INFO   [B32682\827D03] Optimization stage completed: started with score 952.38 (1 unrouted and 0 violations), completed in 0.15 seconds, final score: 952.38 (1 unrouted and 0 violations), using 0.13 total CPU seconds, 0.94 GB total allocated, and 357.2 MB peak heap usage.
2026-09-09 21:20:49.299 INFO   [B32682\827D03] Job 'B32682\827D03' finished with state: COMPLETED (elapsed: 1.67 seconds, finished at UTC: 2026-09-09T18:20:49.298351Z).
2026-09-09 21:20:49.348 INFO   Saving output file 'C:\repos\batman-a\hardware\batman\reports\clean-routing\D\routing.ses' (SES)...
2026-09-09 21:20:49.350 INFO   Successfully saved output file 'C:\repos\batman-a\hardware\batman\reports\clean-routing\D\routing.ses' (5476 bytes).
