2026-09-09 11:27:40.943 INFO   Freerouting v2.4.1 (build-date: 2026-09-03)
2026-09-09 11:27:42.496 INFO   [2FFF0F\3085FF] Loading board file 'routing.dsn'...
2026-09-09 11:27:42.554 INFO   [2FFF0F\3085FF] Job '2FFF0F\3085FF' started at 2026-09-09T08:27:42.554219900Z.
2026-09-09 11:27:42.612 INFO   [2FFF0F\3085FF] Auto-routing stage started on board '4422bd4c60481dcae14fa02a200fd60b' for 101 unrouted items.
2026-09-09 11:27:45.642 INFO   [2FFF0F\3085FF] Auto-routing pass #1 on board '4422bd4c60481dcae14fa02a200fd60b' was completed in 2.98 seconds with score 809.90 (19 unrouted and 1 violation), using 2.84 CPU seconds and the job allocated 10.86 GB of memory so far.
2026-09-09 11:27:47.328 INFO   [2FFF0F\3085FF] Auto-routing pass #2 on board 'c3410b9cf5dfb85f5e36092a3268f259' was completed in 1.64 seconds with score 839.60 (16 unrouted and 1 violation), using 3.80 CPU seconds and the job allocated 15.43 GB of memory so far.
2026-09-09 11:27:48.566 INFO   [2FFF0F\3085FF] Auto-routing pass #3 on board '11c96c0b57e5ee07f7693bcb4b625a41' was completed in 1.20 seconds with score 869.30 (13 unrouted and 1 violation), using 4.75 CPU seconds and the job allocated 20.70 GB of memory so far.
2026-09-09 11:27:49.849 INFO   [2FFF0F\3085FF] Auto-routing pass #4 on board '67f14a13ae0bf60a2cec16844431b3f0' was completed in 1.24 seconds with score 869.30 (13 unrouted and 1 violation), using 6.70 CPU seconds and the job allocated 31.84 GB of memory so far.
2026-09-09 11:27:51.206 INFO   [2FFF0F\3085FF] Auto-routing pass #5 on board '9c862aef123d000f07b51d37f7564a56' was completed in 1.32 seconds with score 879.20 (12 unrouted and 1 violation), using 7.66 CPU seconds and the job allocated 37.73 GB of memory so far.
2026-09-09 11:27:52.439 INFO   [2FFF0F\3085FF] Auto-routing pass #6 on board 'e9825c3e20bafb13e91a8664265b6bb9' was completed in 1.20 seconds with score 859.40 (14 unrouted and 1 violation), using 8.63 CPU seconds and the job allocated 43.57 GB of memory so far.
2026-09-09 11:27:55.159 INFO   [2FFF0F\3085FF] Auto-routing pass #7 on board '08ffc7f5a585be2b3b02b8e897e774e8' was completed in 2.69 seconds with score 869.30 (13 unrouted and 1 violation), using 11.05 CPU seconds and the job allocated 53.90 GB of memory so far.
2026-09-09 11:27:59.447 INFO   [2FFF0F\3085FF] Auto-routing pass #8 on board 'e3d4dd253cf210c0538b20503c60cdaa' was completed in 4.21 seconds with score 879.20 (12 unrouted and 1 violation), using 14.05 CPU seconds and the job allocated 62.25 GB of memory so far.
2026-09-09 11:28:03.575 INFO   [2FFF0F\3085FF] Auto-routing pass #9 on board 'e42da7c7cc7eb4e0a900fe3a1dd946b3' was completed in 4.05 seconds with score 889.10 (11 unrouted and 1 violation), using 17.11 CPU seconds and the job allocated 70.03 GB of memory so far.
2026-09-09 11:28:07.563 INFO   [2FFF0F\3085FF] Auto-routing pass #10 on board '3d408f8005d05e82969125e3a589a868' was completed in 3.84 seconds with score 899.00 (10 unrouted and 1 violation), using 19.86 CPU seconds and the job allocated 77.15 GB of memory so far.
2026-09-09 11:28:10.618 INFO   [2FFF0F\3085FF] Auto-routing pass #11 on board 'cc1d56d7bb21f55f291a9ac2bede78be' was completed in 2.98 seconds with score 869.30 (13 unrouted and 1 violation), using 22.58 CPU seconds and the job allocated 83.46 GB of memory so far.
2026-09-09 11:28:14.792 INFO   [2FFF0F\3085FF] Auto-routing pass #12 on board 'cc1d56d7bb21f55f291a9ac2bede78be' was completed in 0.00 seconds with score 899.00 (10 unrouted and 1 violation), using 26.59 CPU seconds and the job allocated 93.40 GB of memory so far.
2026-09-09 11:28:18.199 INFO   [2FFF0F\3085FF] Auto-routing pass #13 on board 'cc1d56d7bb21f55f291a9ac2bede78be' was completed in 3.35 seconds with score 869.30 (13 unrouted and 1 violation), using 28.67 CPU seconds and the job allocated 98.35 GB of memory so far.
2026-09-09 11:28:22.381 INFO   [2FFF0F\3085FF] Auto-routing pass #14 on board '15e8879ad93da7d90b31803b3dd66a66' was completed in 4.08 seconds with score 869.30 (13 unrouted and 1 violation), using 31.69 CPU seconds and the job allocated 106.03 GB of memory so far.
2026-09-09 11:28:26.084 INFO   [2FFF0F\3085FF] Auto-routing pass #15 on board '64056eac1561edc397fa1377ad363854' was completed in 3.62 seconds with score 869.30 (13 unrouted and 1 violation), using 34.70 CPU seconds and the job allocated 113.59 GB of memory so far.
2026-09-09 11:28:29.989 INFO   [2FFF0F\3085FF] Auto-routing pass #16 on board 'cc1d56d7bb21f55f291a9ac2bede78be' was completed in 0.00 seconds with score 899.00 (10 unrouted and 1 violation), using 38.06 CPU seconds and the job allocated 122.91 GB of memory so far.
2026-09-09 11:28:32.501 INFO   [2FFF0F\3085FF] Auto-routing pass #17 on board 'cc1d56d7bb21f55f291a9ac2bede78be' was completed in 2.47 seconds with score 869.30 (13 unrouted and 1 violation), using 39.58 CPU seconds and the job allocated 127.46 GB of memory so far.
2026-09-09 11:28:36.070 INFO   [2FFF0F\3085FF] Auto-routing pass #18 on board 'c1e2631136a536c001a05772a1d06643' was completed in 3.51 seconds with score 869.30 (13 unrouted and 1 violation), using 42.84 CPU seconds and the job allocated 136.05 GB of memory so far.
2026-09-09 11:28:39.846 INFO   [2FFF0F\3085FF] Auto-routing pass #19 on board 'a35f0090ea0016b68aa1c95ae76638b0' was completed in 3.71 seconds with score 869.30 (13 unrouted and 1 violation), using 44.97 CPU seconds and the job allocated 141.91 GB of memory so far.
2026-09-09 11:28:43.838 INFO   [2FFF0F\3085FF] Auto-routing pass #20 on board 'cc1d56d7bb21f55f291a9ac2bede78be' was completed in 0.00 seconds with score 899.00 (10 unrouted and 1 violation), using 48.17 CPU seconds and the job allocated 150.73 GB of memory so far.
2026-09-09 11:28:43.873 INFO   [2FFF0F\3085FF] The router's best score (899.00) has not improved by more than 0.5 points since pass #10. Stopping the auto-router after 20 passes (10 items still unconnected).
The following connections could not be routed -- please review your design (e.g. check pad clearances, trace width rules, and available routing space):
  Net 'U_B1' (1 unrouted connection):
    - R2-p0  ->  C3-p0
  Net 'GND' (2 unrouted connections):
    - J12-p1  ->  X3-p1
    - J1-p5  ->  J7-p0
  Net '+3V3' (2 unrouted connections):
    - J10-p0  ->  C6-p0
    - J1-p0  ->  Q3-p2
  Net 'I_B1' (1 unrouted connection):
    - C7-p0  ->  J2-p7
  Net 'SW2_ON' (1 unrouted connection):
    - J7-p1  ->  J1-p1
  Net 'SDA' (1 unrouted connection):
    - J10-p2  ->  R16-p0
  Net '+3V3_SENS' (1 unrouted connection):
    - Q3-p0  ->  J3-p2
  Net 'BASE1' (1 unrouted connection):
    - R12-p1  ->  R13-p0
2026-09-09 11:28:43.985 INFO   [2FFF0F\3085FF] Auto-routing stage completed: started with 101 unrouted nets, completed in 61.37 seconds, final score: 899.00 (10 unrouted and 1 violation), using 48.95 total CPU seconds, 152.90 GB total allocated, and 928.0 MB peak heap usage.
2026-09-09 11:28:44.000 INFO   [2FFF0F\3085FF] Job '2FFF0F\3085FF' finished with state: COMPLETED (elapsed: 1 minute 1.44 seconds, finished at UTC: 2026-09-09T08:28:43.998338100Z).
2026-09-09 11:28:44.488 INFO   Saving output file 'C:\repos\batman-a\hardware\batman\reports\routing.ses' (SES)...
2026-09-09 11:28:44.507 INFO   Successfully saved output file 'C:\repos\batman-a\hardware\batman\reports\routing.ses' (26621 bytes).
