2026-09-09 15:02:10.805 INFO   Freerouting v2.4.1 (build-date: 2026-09-03)
2026-09-09 15:02:12.340 INFO   [4624A4\CE7D47] Loading board file 'routing.dsn'...
2026-09-09 15:02:12.373 INFO   [4624A4\CE7D47] Job '4624A4\CE7D47' started at 2026-09-09T12:02:12.373134700Z.
2026-09-09 15:02:12.414 INFO   [4624A4\CE7D47] Auto-routing stage started on board '6b9c6b15d620de225d2ab4e4d4995412' for 39 unrouted items.
2026-09-09 15:02:18.165 INFO   [4624A4\CE7D47] Auto-routing pass #1 on board '6b9c6b15d620de225d2ab4e4d4995412' was completed in 5.71 seconds with score 846.15 (6 unrouted and 0 violations), using 1.28 CPU seconds and the job allocated 2.38 GB of memory so far.
2026-09-09 15:02:21.598 INFO   [4624A4\CE7D47] Auto-routing pass #2 on board 'd2fc9c504c6863cae5c8f20b2256a443' was completed in 3.19 seconds with score 871.79 (5 unrouted and 0 violations), using 1.97 CPU seconds and the job allocated 3.54 GB of memory so far.
2026-09-09 15:02:26.836 INFO   [4624A4\CE7D47] Auto-routing pass #3 on board 'e8fd042c39569ab6228412bb542823b8' was completed in 4.24 seconds with score 948.71 (2 unrouted and 0 violations), using 2.95 CPU seconds and the job allocated 5.49 GB of memory so far.
2026-09-09 15:02:27.520 INFO   [4624A4\CE7D47] Auto-routing pass #4 on board '8d6258938007b2ae51d162eee9220c6e' was completed in 0.65 seconds with score 974.35 (1 unrouted and 0 violations), using 3.33 CPU seconds and the job allocated 6.65 GB of memory so far.
2026-09-09 15:02:29.480 INFO   [4624A4\CE7D47] Auto-routing pass #5 on board '25d0ea6b035270e5162e31cd1271bf73' was completed in 1.89 seconds with score 974.35 (1 unrouted and 0 violations), using 3.66 CPU seconds and the job allocated 7.51 GB of memory so far.
2026-09-09 15:02:30.321 INFO   [4624A4\CE7D47] Auto-routing pass #6 on board '34139eddcff0985a5131dd906a625061' was completed in 0.35 seconds with score 974.35 (1 unrouted and 0 violations), using 3.66 CPU seconds and the job allocated 7.51 GB of memory so far.
2026-09-09 15:02:30.604 INFO   [4624A4\CE7D47] Auto-routing pass #7 on board '3846be431353ca2f9e08ca6a6e5736e8' was completed in 0.23 seconds with score 974.35 (1 unrouted and 0 violations), using 3.94 CPU seconds and the job allocated 8.27 GB of memory so far.
2026-09-09 15:02:30.936 INFO   [4624A4\CE7D47] Auto-routing pass #8 on board '9c8920e1d90ffdd69989b306f8099b96' was completed in 0.27 seconds with score 974.35 (1 unrouted and 0 violations), using 3.94 CPU seconds and the job allocated 8.27 GB of memory so far.
2026-09-09 15:02:31.127 INFO   [4624A4\CE7D47] Auto-routing pass #9 on board 'aabc9bcd71b5f0e81c44835df1e95d3b' was completed in 0.15 seconds with score 974.35 (1 unrouted and 0 violations), using 3.94 CPU seconds and the job allocated 8.27 GB of memory so far.
2026-09-09 15:02:31.805 INFO   [4624A4\CE7D47] Auto-routing pass #10 on board 'e524d0bf13274d9268f2c0a4d898a389' was completed in 0.40 seconds with score 974.35 (1 unrouted and 0 violations), using 4.44 CPU seconds and the job allocated 9.95 GB of memory so far.
2026-09-09 15:02:32.075 INFO   [4624A4\CE7D47] Auto-routing pass #11 on board '3ac81071257a5c5df6f4a70d166890e2' was completed in 0.21 seconds with score 974.35 (1 unrouted and 0 violations), using 4.44 CPU seconds and the job allocated 9.95 GB of memory so far.
2026-09-09 15:02:32.449 INFO   [4624A4\CE7D47] Auto-routing pass #12 on board '04e81790569d717dadf7796bda036156' was completed in 0.30 seconds with score 974.35 (1 unrouted and 0 violations), using 4.88 CPU seconds and the job allocated 11.51 GB of memory so far.
2026-09-09 15:02:32.685 INFO   [4624A4\CE7D47] Auto-routing pass #13 on board '0942e2f68dd0eadb067efed5a55da551' was completed in 0.18 seconds with score 974.35 (1 unrouted and 0 violations), using 4.88 CPU seconds and the job allocated 11.51 GB of memory so far.
2026-09-09 15:02:32.975 INFO   [4624A4\CE7D47] Auto-routing pass #14 on board '99e7c17a0d8b2173bf673f426dc6765f' was completed in 0.21 seconds with score 974.35 (1 unrouted and 0 violations), using 4.88 CPU seconds and the job allocated 11.51 GB of memory so far.
2026-09-09 15:02:33.293 INFO   [4624A4\CE7D47] Auto-routing pass #15 on board 'ac2d08a5cac7296b3ced179583f3e7d7' was completed in 0.26 seconds with score 974.35 (1 unrouted and 0 violations), using 4.88 CPU seconds and the job allocated 11.51 GB of memory so far.
2026-09-09 15:02:33.596 INFO   [4624A4\CE7D47] Auto-routing pass #16 on board '2a0f0c69f47cf413b4eb351ae1c2acf9' was completed in 0.22 seconds with score 974.35 (1 unrouted and 0 violations), using 5.52 CPU seconds and the job allocated 13.66 GB of memory so far.
2026-09-09 15:02:33.822 INFO   [4624A4\CE7D47] Auto-routing pass #17 on board '3e44c386d9fb451b1d4f2b39399b0802' was completed in 0.17 seconds with score 974.35 (1 unrouted and 0 violations), using 5.52 CPU seconds and the job allocated 13.66 GB of memory so far.
2026-09-09 15:02:34.011 INFO   [4624A4\CE7D47] Auto-routing pass #18 on board '733860516497577ac6ccb2105309892f' was completed in 0.15 seconds with score 974.35 (1 unrouted and 0 violations), using 5.52 CPU seconds and the job allocated 13.66 GB of memory so far.
2026-09-09 15:02:34.031 INFO   [4624A4\CE7D47] The router's score (974.35) has not improved by more than 0.5 points in the last 10 passes (1 item still unconnected). Stopping the auto-router.
The following connections could not be routed -- please review your design (e.g. check pad clearances, trace width rules, and available routing space):
  Net '+3V3_SENS' (1 unrouted connection):
    - J4-p2  ->  J5-p0
2026-09-09 15:02:34.074 INFO   [4624A4\CE7D47] Auto-routing stage completed: started with 39 unrouted nets, completed in 21.66 seconds, final score: 974.35 (1 unrouted and 0 violations), using 5.52 total CPU seconds, 13.66 GB total allocated, and 445.9 MB peak heap usage.
2026-09-09 15:02:34.080 INFO   [4624A4\CE7D47] Job '4624A4\CE7D47' finished with state: COMPLETED (elapsed: 21.71 seconds, finished at UTC: 2026-09-09T12:02:34.080436900Z).
2026-09-09 15:02:34.188 INFO   Saving output file 'C:\repos\batman-a\hardware\batman\reports\B\routing.ses' (SES)...
2026-09-09 15:02:34.217 INFO   Successfully saved output file 'C:\repos\batman-a\hardware\batman\reports\B\routing.ses' (14719 bytes).
