2026-09-09 15:01:05.422 INFO   Freerouting v2.4.1 (build-date: 2026-09-03)
2026-09-09 15:01:07.426 INFO   [F9941B\358369] Loading board file 'routing.dsn'...
2026-09-09 15:01:07.833 INFO   [F9941B\358369] Job 'F9941B\358369' started at 2026-09-09T12:01:07.832357100Z.
2026-09-09 15:01:08.387 INFO   [F9941B\358369] Auto-routing stage started on board '83039c8a3ce468475c9e064926908b84' for 56 unrouted items.
2026-09-09 15:01:22.372 INFO   [F9941B\358369] Auto-routing pass #1 on board '83039c8a3ce468475c9e064926908b84' was completed in 13.72 seconds with score 785.71 (12 unrouted and 0 violations), using 4.16 CPU seconds and the job allocated 5.41 GB of memory so far.
2026-09-09 15:01:25.009 INFO   [F9941B\358369] Auto-routing pass #2 on board 'daff169a5f638c2b8718f593cffa2d3f' was completed in 2.52 seconds with score 767.85 (13 unrouted and 0 violations), using 5.58 CPU seconds and the job allocated 8.23 GB of memory so far.
2026-09-09 15:01:28.170 INFO   [F9941B\358369] Auto-routing pass #3 on board 'a5de697986d92aa84fa563f15cca103e' was completed in 3.02 seconds with score 874.99 (7 unrouted and 0 violations), using 7.14 CPU seconds and the job allocated 11.28 GB of memory so far.
2026-09-09 15:01:30.200 INFO   [F9941B\358369] Auto-routing pass #4 on board '54f367200af409a4540840d4f5cc4191' was completed in 1.99 seconds with score 892.85 (6 unrouted and 0 violations), using 8.02 CPU seconds and the job allocated 13.54 GB of memory so far.
2026-09-09 15:01:31.276 INFO   [F9941B\358369] Auto-routing pass #5 on board '6df204bb4ffc2bb88e7046b55f5df0c5' was completed in 1.00 seconds with score 892.85 (6 unrouted and 0 violations), using 8.63 CPU seconds and the job allocated 14.99 GB of memory so far.
2026-09-09 15:01:32.805 INFO   [F9941B\358369] Auto-routing pass #6 on board '03f3befde8ad6347022dfaf91bced5a3' was completed in 1.48 seconds with score 892.85 (6 unrouted and 0 violations), using 10.33 CPU seconds and the job allocated 18.78 GB of memory so far.
2026-09-09 15:01:34.830 INFO   [F9941B\358369] Auto-routing pass #7 on board '249f3925c22219957924edbe9f16599d' was completed in 1.97 seconds with score 892.85 (6 unrouted and 0 violations), using 11.20 CPU seconds and the job allocated 20.97 GB of memory so far.
2026-09-09 15:01:35.813 INFO   [F9941B\358369] Auto-routing pass #8 on board '03f3befde8ad6347022dfaf91bced5a3' was completed in 0.00 seconds with score 892.85 (6 unrouted and 0 violations), using 11.92 CPU seconds and the job allocated 22.96 GB of memory so far.
2026-09-09 15:01:37.489 INFO   [F9941B\358369] Auto-routing pass #9 on board '03f3befde8ad6347022dfaf91bced5a3' was completed in 1.65 seconds with score 892.85 (6 unrouted and 0 violations), using 12.80 CPU seconds and the job allocated 25.05 GB of memory so far.
2026-09-09 15:01:38.402 INFO   [F9941B\358369] Auto-routing pass #10 on board 'fd62645e0fc74aa57d5c99b2c27118d3' was completed in 0.87 seconds with score 892.85 (6 unrouted and 0 violations), using 13.61 CPU seconds and the job allocated 26.85 GB of memory so far.
2026-09-09 15:01:39.306 INFO   [F9941B\358369] Auto-routing pass #11 on board 'd5505c0b7350aa26b2ea14cc6ddd1a7a' was completed in 0.86 seconds with score 892.85 (6 unrouted and 0 violations), using 14.58 CPU seconds and the job allocated 29.04 GB of memory so far.
2026-09-09 15:01:39.957 INFO   [F9941B\358369] Auto-routing pass #12 on board '7443f6df88cd93bbac2a61d3890dfe37' was completed in 0.61 seconds with score 910.71 (5 unrouted and 0 violations), using 15.48 CPU seconds and the job allocated 31.13 GB of memory so far.
2026-09-09 15:01:41.008 INFO   [F9941B\358369] Auto-routing pass #13 on board 'f30df134b1decda83d38ec8925f33789' was completed in 0.97 seconds with score 910.71 (5 unrouted and 0 violations), using 16.25 CPU seconds and the job allocated 33.23 GB of memory so far.
2026-09-09 15:01:41.685 INFO   [F9941B\358369] Auto-routing pass #14 on board '34753d3a191e7c71a52792fa00bf289a' was completed in 0.62 seconds with score 910.71 (5 unrouted and 0 violations), using 17.19 CPU seconds and the job allocated 35.87 GB of memory so far.
2026-09-09 15:01:42.255 INFO   [F9941B\358369] Auto-routing pass #15 on board '5d1ff83c319f1da9f888d92a56086400' was completed in 0.53 seconds with score 910.71 (5 unrouted and 0 violations), using 17.19 CPU seconds and the job allocated 35.87 GB of memory so far.
2026-09-09 15:01:43.037 INFO   [F9941B\358369] Auto-routing pass #16 on board '34753d3a191e7c71a52792fa00bf289a' was completed in 0.00 seconds with score 910.71 (5 unrouted and 0 violations), using 18.09 CPU seconds and the job allocated 38.42 GB of memory so far.
2026-09-09 15:01:43.716 INFO   [F9941B\358369] Auto-routing pass #17 on board '34753d3a191e7c71a52792fa00bf289a' was completed in 0.64 seconds with score 910.71 (5 unrouted and 0 violations), using 18.98 CPU seconds and the job allocated 40.67 GB of memory so far.
2026-09-09 15:01:44.304 INFO   [F9941B\358369] Auto-routing pass #18 on board '994eb7aa4dfd246d79100405468a9c96' was completed in 0.55 seconds with score 910.71 (5 unrouted and 0 violations), using 18.98 CPU seconds and the job allocated 40.67 GB of memory so far.
2026-09-09 15:01:45.059 INFO   [F9941B\358369] Auto-routing pass #19 on board '39e50e7748f6dcd96400cb636266fab2' was completed in 0.71 seconds with score 874.99 (7 unrouted and 0 violations), using 19.92 CPU seconds and the job allocated 43.18 GB of memory so far.
2026-09-09 15:01:46.727 INFO   [F9941B\358369] Auto-routing pass #20 on board '34753d3a191e7c71a52792fa00bf289a' was completed in 0.00 seconds with score 910.71 (5 unrouted and 0 violations), using 21.56 CPU seconds and the job allocated 46.95 GB of memory so far.
2026-09-09 15:01:46.809 INFO   [F9941B\358369] Auto-routing stage completed: started with 56 unrouted nets, completed in 38.60 seconds, final score: 910.71 (5 unrouted and 0 violations), using 21.56 total CPU seconds, 46.95 GB total allocated, and 703.4 MB peak heap usage.
2026-09-09 15:01:46.820 INFO   [F9941B\358369] Job 'F9941B\358369' finished with state: COMPLETED (elapsed: 38.98 seconds, finished at UTC: 2026-09-09T12:01:46.816596Z).
2026-09-09 15:01:47.179 INFO   Saving output file 'C:\repos\batman-a\hardware\batman\reports\A\routing.ses' (SES)...
2026-09-09 15:01:47.183 INFO   Successfully saved output file 'C:\repos\batman-a\hardware\batman\reports\A\routing.ses' (14242 bytes).
