2026-09-09 21:05:26.297 INFO   Freerouting v2.4.1 (build-date: 2026-09-03)
2026-09-09 21:05:27.826 INFO   [2E6887\144690] Loading board file 'routing.dsn'...
2026-09-09 21:05:27.869 INFO   [2E6887\144690] Job '2E6887\144690' started at 2026-09-09T18:05:27.868046300Z.
2026-09-09 21:05:27.915 INFO   [2E6887\144690] Auto-routing stage started on board '5e0a104ccf81e5fb8f589c8050991d1b' for 39 unrouted items.
2026-09-09 21:05:32.286 INFO   [2E6887\144690] Auto-routing pass #1 on board '5e0a104ccf81e5fb8f589c8050991d1b' was completed in 4.34 seconds with score 871.79 (5 unrouted and 0 violations), using 1.66 CPU seconds and the job allocated 2.96 GB of memory so far.
2026-09-09 21:05:34.484 INFO   [2E6887\144690] Auto-routing pass #2 on board '4820bef2aa203c22a2443d0899fea4aa' was completed in 2.10 seconds with score 923.07 (3 unrouted and 0 violations), using 2.13 CPU seconds and the job allocated 3.96 GB of memory so far.
2026-09-09 21:05:35.321 INFO   [2E6887\144690] Auto-routing pass #3 on board '329a13c493f155869d754adf88f8dde5' was completed in 0.80 seconds with score 923.07 (3 unrouted and 0 violations), using 2.80 CPU seconds and the job allocated 5.60 GB of memory so far.
2026-09-09 21:05:36.164 INFO   [2E6887\144690] Auto-routing pass #4 on board '3d58a08dfb9b6f2b11774d24dd5f709e' was completed in 0.81 seconds with score 974.35 (1 unrouted and 0 violations), using 3.34 CPU seconds and the job allocated 6.77 GB of memory so far.
2026-09-09 21:05:36.344 INFO   [2E6887\144690] Auto-routing pass #5 on board '84aa2ced7a53941ba0c1ef85ad0fd075' was completed in 0.13 seconds with score 974.35 (1 unrouted and 0 violations), using 3.34 CPU seconds and the job allocated 6.77 GB of memory so far.
2026-09-09 21:05:36.681 INFO   [2E6887\144690] Auto-routing pass #6 on board '40f37b7e2b0264ec8e865a01cffbf036' was completed in 0.29 seconds with score 974.35 (1 unrouted and 0 violations), using 3.34 CPU seconds and the job allocated 6.77 GB of memory so far.
2026-09-09 21:05:36.908 INFO   [2E6887\144690] Auto-routing pass #7 on board 'f4e186a53fe45f8f9d42b14d908ac8cb' was completed in 0.19 seconds with score 974.35 (1 unrouted and 0 violations), using 3.34 CPU seconds and the job allocated 6.77 GB of memory so far.
2026-09-09 21:05:37.063 INFO   [2E6887\144690] Auto-routing pass #8 on board '9a44635eabc65997d33c4f5571ae5443' was completed in 0.12 seconds with score 999.99 (0 unrouted and 0 violations), using 4.11 CPU seconds and the job allocated 9.58 GB of memory so far.
2026-09-09 21:05:37.137 INFO   [2E6887\144690] Auto-routing pass #9 on board 'f81b95290c2bebc45438576b63cfbeec' was completed in 0.03 seconds with score 999.99 (0 unrouted and 0 violations), using 4.11 CPU seconds and the job allocated 9.58 GB of memory so far.
2026-09-09 21:05:37.191 INFO   [2E6887\144690] Auto-routing stage completed: started with 39 unrouted nets, completed in 9.27 seconds, final score: 999.99 (0 unrouted and 0 violations), using 4.11 total CPU seconds, 9.58 GB total allocated, and 501.4 MB peak heap usage.
2026-09-09 21:05:37.217 INFO   [2E6887\144690] Optimization stage started on board 'f81b95290c2bebc45438576b63cfbeec' with score 999.99 (0 unrouted and 0 violations).
2026-09-09 21:05:37.231 INFO   [2E6887\144690] Stopping optimizer because the current board score (999.99) is already close to the maximum score (1000). Remaining potential improvement is less than the threshold (1.00%).
2026-09-09 21:05:37.247 INFO   [2E6887\144690] Optimization stage completed: started with score 999.99 (0 unrouted and 0 violations), completed in 0.01 seconds, final score: 999.99 (0 unrouted and 0 violations), using 0.02 total CPU seconds, 0.05 GB total allocated, and 133.4 MB peak heap usage.
2026-09-09 21:05:37.257 INFO   [2E6887\144690] Job '2E6887\144690' finished with state: COMPLETED (elapsed: 9.39 seconds, finished at UTC: 2026-09-09T18:05:37.254624600Z).
2026-09-09 21:05:37.433 INFO   Saving output file 'C:\repos\batman-a\hardware\batman\reports\clean-routing\B\routing.ses' (SES)...
2026-09-09 21:05:37.439 INFO   Successfully saved output file 'C:\repos\batman-a\hardware\batman\reports\clean-routing\B\routing.ses' (13446 bytes).
